// Jest Snapshot v1, https://jestjs.io/docs/snapshot-testing

exports[`<CellDance> renders as expected by default 1`] = `
<div
  className="cell cell--3 cell--dance cell--tooltip"
  data-tooltip="Naka no takane"
>
  <span
    className="truncate"
  >
    Naka no takane
  </span>
</div>
`;
