// Jest Snapshot v1, https://jestjs.io/docs/snapshot-testing

exports[`<CellPercussion> renders as expected by default 1`] = `
<div
  className="cell cell--14 cell--percussion "
>
  mitsuji
</div>
`;

exports[`<CellPercussion> renders as expected with a note 1`] = `
<div
  className="cell cell--14 cell--percussion cell--percussion-chin"
/>
`;
