// Jest Snapshot v1, https://jestjs.io/docs/snapshot-testing

exports[`<DanceLine> renders as expected by default 1`] = `
[
  <CellDance
    key="danceCell0"
    length={1}
    text=""
  />,
  <CellDance
    key="danceCell1"
    length={4}
    text="9. Kneeling facing front."
  />,
  <CellDance
    key="danceCell2"
    length={8}
    text=""
  />,
]
`;

exports[`<DanceLine> renders as expected with no dance data 1`] = `
<CellDance
  length={13}
  text=""
/>
`;
