// Jest Snapshot v1, https://jestjs.io/docs/snapshot-testing

exports[`<UnwrappedHighlightedTextContainer> renders as expected unconnected to redux 1`] = `
<div>
  <HighlightedText
    currentPhraseID="I/1"
    phrases={
      [
        {
          "endTime": 10,
          "phraseID": "I/1",
          "startTime": 0,
          "transcription": "transcription line 1",
          "translation": "translation line 1",
        },
        {
          "endTime": 20,
          "phraseID": "I/2",
          "startTime": 11,
          "transcription": "transcription line 2",
          "translation": "translation line 2",
        },
      ]
    }
    singingStyle=""
  />
</div>
`;
