// Jest Snapshot v1, https://goo.gl/fbAQLP

exports[`<IntermediaTitle> renders as expected 1`] = `
<div
  className="intermedia__element intermedia__element--title"
>
  <div
    className="intermedia__label"
  >
    Section
  </div>
  <div
    className="intermedia__value"
  >
    <a
      href="hashitomi/kiri"
    >
      <span>
        kiri
      </span>
      <i
        className="fas fa-chevron-right"
      />
    </a>
  </div>
</div>
`;
