// Jest Snapshot v1, https://jestjs.io/docs/snapshot-testing

exports[`<InterMediaTable> renders as expected while connected 1`] = `
<IntermediaTable
  currentTime={10}
  dispatch={[Function]}
  play="hashitomi"
  sections={
    [
      {
        "dancePresent": {
          "value": "Dance to text",
        },
        "endTime": {
          "value": 180,
        },
        "intensity": {
          "number": "5",
        },
        "nokhanPresent": {
          "value": "Non Congruent",
        },
        "numberOfPercussion": {
          "value": "Otsuzumi + Kotsuzumi + Taiko",
        },
        "numberVoices": {
          "value": "Waki/Waki Tsure",
        },
        "percussion": {
          "value": "Non Congruent",
        },
        "sectionName": {
          "value": "Nanori",
        },
        "sectionUrl": "kokaji/nanori",
        "startTime": {
          "value": 0,
        },
        "text": {
          "value": "Sashinori - Non Congruent",
        },
        "voice": {
          "value": "Sung - Non Congruent",
        },
      },
      {
        "dancePresent": {
          "value": "Dance to text",
        },
        "endTime": {
          "value": 300,
        },
        "intensity": {
          "number": "5",
        },
        "nokhanPresent": {
          "value": "Non Congruent",
        },
        "numberOfPercussion": {
          "value": "Otsuzumi + Kotsuzumi + Taiko",
        },
        "numberVoices": {
          "value": "Waki/Waki Tsure",
        },
        "percussion": {
          "value": "Non Congruent",
        },
        "sectionName": {
          "value": "Mondo",
        },
        "sectionUrl": "kokaji/mondo",
        "startTime": {
          "value": 181,
        },
        "text": {
          "value": "Sashinori - Non Congruent",
        },
        "voice": {
          "value": "Sung - Non Congruent",
        },
      },
    ]
  }
/>
`;

exports[`<UnwrappedIntermediaTable> renders as expected 1`] = `
<div
  className="intermedia-table"
>
  <IntermediaTitle
    section="Nanori"
    sectionUrl="kokaji/nanori"
  />
  <IntermediaElement
    fieldName="Voices"
    fieldValue="Waki/Waki Tsure"
  />
  <IntermediaElement
    fieldName="Type of voice"
    fieldValue="Sung - Non Congruent"
  />
  <IntermediaElement
    fieldName="Text"
    fieldValue="Sashinori - Non Congruent"
  />
  <IntermediaElement
    fieldName="Percussion"
    fieldValue="Non Congruent"
  />
  <IntermediaElement
    fieldName="Type of percussion"
    fieldValue="Otsuzumi + Kotsuzumi + Taiko"
  />
  <IntermediaElement
    fieldName="Nohkan"
    fieldValue="Non Congruent"
  />
  <IntermediaElement
    fieldName="Dance"
    fieldValue="Dance to text"
  />
</div>
`;
