// Jest Snapshot v1, https://jestjs.io/docs/snapshot-testing

exports[`<MasterVideo> renders as expected 1`] = `
<MasterVideo
  currentTime={0}
  currentTimeOrigin=""
  tracks={[]}
  updateCurrentTime={null}
  videoUrl=""
>
  <div>
    <video
      controls={true}
      controlsList="nodownload"
      id="player"
      onSeeked={[Function]}
      onSeeking={[Function]}
      onTimeUpdate={[Function]}
    >
      <source
        src=""
        type="video/mp4"
      />
    </video>
  </div>
</MasterVideo>
`;
