// Jest Snapshot v1, https://jestjs.io/docs/snapshot-testing

exports[`<MeasureLabelContainer> renders as expected by default 1`] = `
<div
  className="measure__label-container"
>
  <div
    className="measure__channel measure__channel--beat"
    key="beatLabel"
  >
    Beat
  </div>
  <div
    className="measure__channel measure__channel--text"
    key="textLabel"
  >
    Text
  </div>
  <div
    className="measure__channel measure__channel--percussion"
    key="percussionLabel"
  >
    ÅŒtsu-Kotsuzumi
  </div>
  <div
    className="measure__channel measure__channel--nohkan"
    key="nohkanLabel"
  >
    Nohkan
  </div>
  <div
    className="measure__channel measure__channel--dance"
    key="danceLabel"
  >
    Dance
  </div>
</div>
`;

exports[`<MeasureLabelContainer> renders as expected by default with all toggles off 1`] = `
<div
  className="measure__label-container"
/>
`;

exports[`<MeasureLabelContainer> renders as expected for next 1`] = `
<div
  className="measure__label-container"
>
  Next sentence
</div>
`;

exports[`<MeasureLabelContainer> renders as expected for previous 1`] = `
<div
  className="measure__label-container"
>
  Previous sentence
</div>
`;
