// Jest Snapshot v1, https://goo.gl/fbAQLP

exports[`<ShodanTimeline> renders as expected 1`] = `
<div
  className="shodan-map"
>
   
  <ShodanTimelineBlock
    duration={300}
    intensity="17"
    key="Noriji"
    left="0%"
    maxIntensity={21}
    name="Noriji"
    totalDuration={1800}
    url="/noriji"
  />
  <ShodanTimelineBlock
    duration={1199}
    intensity="12"
    key="Maibataraki"
    left="16.666666666666664%"
    maxIntensity={21}
    name="Maibataraki"
    totalDuration={1800}
    url="/maibataraki"
  />
</div>
`;
