// Jest Snapshot v1, https://jestjs.io/docs/snapshot-testing

exports[`<TabbedNarrative> renders as expected 1`] = `
<Tabs
  defaultFocus={false}
  defaultIndex={null}
  domRef={[Function]}
  forceRenderTabPanel={false}
  onSelect={[Function]}
  selectedIndex={0}
>
  <TabList
    className="react-tabs__tab-list"
  >
    <Tab
      className="react-tabs__tab"
      disabledClassName="react-tabs__tab--disabled"
      focus={false}
      id={null}
      key="section one with many words in title"
      panelId={null}
      selected={false}
      selectedClassName="react-tabs__tab--selected"
    >
      section one with many words in title
    </Tab>
    <Tab
      className="react-tabs__tab"
      disabledClassName="react-tabs__tab--disabled"
      focus={false}
      id={null}
      key="section two"
      panelId={null}
      selected={false}
      selectedClassName="react-tabs__tab--selected"
    >
      section two
    </Tab>
  </TabList>
  <TabPanel
    className="react-tabs__tab-panel"
    forceRender={false}
    key="<section  class="tabbed-narrative"><p>Lorem ipsum dolor <a href="#0" onclick="window.open()">sit</a> amet.</p></section>"
    selectedClassName="react-tabs__tab-panel--selected"
  >
    <Markup
      allowAttributes={true}
      content="<section  class="tabbed-narrative"><p>Lorem ipsum dolor <a href="#0" _onclick="window.open()">sit</a> amet.</p></section>"
      emptyContent={null}
      parsedContent={null}
      tagName="div"
    />
  </TabPanel>
  <TabPanel
    className="react-tabs__tab-panel"
    forceRender={false}
    key="<section ><p>Different stuff</p></section>"
    selectedClassName="react-tabs__tab-panel--selected"
  >
    <Markup
      allowAttributes={true}
      content="<section ><p>Different stuff</p></section>"
      emptyContent={null}
      parsedContent={null}
      tagName="div"
    />
  </TabPanel>
</Tabs>
`;
