// Jest Snapshot v1, https://jestjs.io/docs/snapshot-testing

exports[`<TextLine> renders as expected with active class 1`] = `
<div
  className="transcription__line active"
>
  <button
    className="transcription__original"
    onClick={[Function]}
  >
    <strong>
      KYŌGEN
    </strong>
    : 
    another sample string
  </button>
  <button
    className="transcription__translation"
    onClick={[Function]}
  >
    <strong>
      KYŌGEN
    </strong>
    : 
    sample string
  </button>
</div>
`;

exports[`<TextLine> renders as expected without active class 1`] = `
<div
  className="transcription__line"
>
  <button
    className="transcription__original"
    onClick={[Function]}
  >
    another sample string
  </button>
  <button
    className="transcription__translation"
    onClick={[Function]}
  >
    sample string
  </button>
</div>
`;
