// Jest Snapshot v1, https://jestjs.io/docs/snapshot-testing

exports[`<TimelineScrubber> renders as expected by default 1`] = `
<TimelineScrubber
  currentTime={0}
  duration={100}
  setIsPlaying={[MockFunction]}
  startTime={0}
  updateCurrentTime={[MockFunction]}
>
  <div
    className="timeline-scrubber"
    onBlur={[Function]}
    onMouseDown={[Function]}
    onMouseMove={[Function]}
    onMouseUp={[Function]}
    onWheel={[Function]}
    role="button"
    tabIndex={0}
  >
    <div
      className="timeline-scrubber__handle"
      role="button"
      style={
        {
          "left": "0%",
        }
      }
      tabIndex={0}
    />
  </div>
</TimelineScrubber>
`;
